2026-09-03 15:20:42,384 INFO o.a.j.u.JMeterUtils: Setting Locale to zh_CN
2026-09-03 15:20:42,404 INFO o.a.j.JMeter: Loading user properties from: C:\tools\jmeter\apache-jmeter-5.6.3\bin\user.properties
2026-09-03 15:20:42,405 INFO o.a.j.JMeter: Loading system properties from: C:\tools\jmeter\apache-jmeter-5.6.3\bin\system.properties
2026-09-03 15:20:42,413 INFO o.a.j.JMeter: Copyright (c) 1998-2024 The Apache Software Foundation
2026-09-03 15:20:42,413 INFO o.a.j.JMeter: Version 5.6.3
2026-09-03 15:20:42,413 INFO o.a.j.JMeter: java.version=17.0.20.1
2026-09-03 15:20:42,413 INFO o.a.j.JMeter: java.vm.name=OpenJDK 64-Bit Server VM
2026-09-03 15:20:42,413 INFO o.a.j.JMeter: os.name=Windows 11
2026-09-03 15:20:42,413 INFO o.a.j.JMeter: os.arch=amd64
2026-09-03 15:20:42,413 INFO o.a.j.JMeter: os.version=10.0
2026-09-03 15:20:42,413 INFO o.a.j.JMeter: file.encoding=GBK
2026-09-03 15:20:42,413 INFO o.a.j.JMeter: java.awt.headless=true
2026-09-03 15:20:42,413 INFO o.a.j.JMeter: Max memory     =8363442176
2026-09-03 15:20:42,413 INFO o.a.j.JMeter: Available Processors =16
2026-09-03 15:20:42,423 INFO o.a.j.JMeter: Default Locale=中文 (中国)
2026-09-03 15:20:42,423 INFO o.a.j.JMeter: JMeter  Locale=中文 (中国)
2026-09-03 15:20:42,423 INFO o.a.j.JMeter: JMeterHome=C:\tools\jmeter\apache-jmeter-5.6.3
2026-09-03 15:20:42,423 INFO o.a.j.JMeter: user.dir  =C:\Users\avavy\Desktop\bu
2026-09-03 15:20:42,425 INFO o.a.j.JMeter: PWD       =C:\Users\avavy\Desktop\bu
2026-09-03 15:20:42,426 INFO o.a.j.JMeter: IP: 10.117.42.15 Name: Evolot FullName: Evolot
2026-09-03 15:20:42,439 INFO o.a.j.s.FileServer: Default base='C:\Users\avavy\Desktop\bu'
2026-09-03 15:20:42,440 INFO o.a.j.s.FileServer: Set new base='C:\Users\avavy\AppData\Local\Temp'
2026-09-03 15:20:42,664 INFO o.a.j.s.SaveService: Testplan (JMX) version: 2.2. Testlog (JTL) version: 2.2
2026-09-03 15:20:42,693 INFO o.a.j.s.SaveService: Using SaveService properties version 5.0
2026-09-03 15:20:42,695 INFO o.a.j.s.SaveService: Using SaveService properties file encoding UTF-8
2026-09-03 15:20:42,699 INFO o.a.j.s.SaveService: Loading file: C:\Users\avavy\AppData\Local\Temp\plan_50.jmx
2026-09-03 15:20:42,751 INFO o.a.j.p.h.s.HTTPSamplerBase: Parser for text/html is org.apache.jmeter.protocol.http.parser.LagartoBasedHtmlParser
2026-09-03 15:20:42,751 INFO o.a.j.p.h.s.HTTPSamplerBase: Parser for application/xhtml+xml is org.apache.jmeter.protocol.http.parser.LagartoBasedHtmlParser
2026-09-03 15:20:42,751 INFO o.a.j.p.h.s.HTTPSamplerBase: Parser for application/xml is org.apache.jmeter.protocol.http.parser.LagartoBasedHtmlParser
2026-09-03 15:20:42,751 INFO o.a.j.p.h.s.HTTPSamplerBase: Parser for text/xml is org.apache.jmeter.protocol.http.parser.LagartoBasedHtmlParser
2026-09-03 15:20:42,751 INFO o.a.j.p.h.s.HTTPSamplerBase: Parser for text/vnd.wap.wml is org.apache.jmeter.protocol.http.parser.RegexpHTMLParser
2026-09-03 15:20:42,751 INFO o.a.j.p.h.s.HTTPSamplerBase: Parser for text/css is org.apache.jmeter.protocol.http.parser.CssParser
2026-09-03 15:20:42,770 INFO o.a.j.JMeter: Creating summariser <summary>
2026-09-03 15:20:42,782 INFO o.a.j.e.StandardJMeterEngine: Running the test!
2026-09-03 15:20:42,783 INFO o.a.j.s.SampleEvent: List of sample_variables: []
2026-09-03 15:20:42,783 INFO o.a.j.s.SampleEvent: List of sample_variables: []
2026-09-03 15:20:42,788 INFO o.a.j.e.u.CompoundVariable: Note: Function class names must contain the string: '.functions.'
2026-09-03 15:20:42,788 INFO o.a.j.e.u.CompoundVariable: Note: Function class names must not contain the string: '.gui.'
2026-09-03 15:20:42,858 INFO o.a.j.JMeter: 正在运行的测试 (1788420042858)
2026-09-03 15:20:42,868 INFO o.a.j.e.StandardJMeterEngine: Starting ThreadGroup: 1 : TG_50并发_3min_可复制改档
2026-09-03 15:20:42,868 INFO o.a.j.e.StandardJMeterEngine: Starting 50 threads for group TG_50并发_3min_可复制改档.
2026-09-03 15:20:42,868 INFO o.a.j.e.StandardJMeterEngine: Thread will continue on error
2026-09-03 15:20:42,868 INFO o.a.j.t.ThreadGroup: Starting thread group... number=1 threads=50 ramp-up=10 delayedStart=false
2026-09-03 15:20:42,875 INFO o.a.j.t.JMeterThread: Thread started: TG_50并发_3min_可复制改档 1-1
2026-09-03 15:20:42,888 INFO o.a.j.t.ThreadGroup: Started thread group number 1
2026-09-03 15:20:42,889 INFO o.a.j.e.StandardJMeterEngine: All thread groups have been started
2026-09-03 15:20:42,892 INFO o.a.j.p.h.s.HTTPHCAbstractImpl: Local host = Evolot
2026-09-03 15:20:42,896 INFO o.a.j.p.h.s.HTTPHC4Impl: HTTP request retry count = 0
2026-09-03 15:20:42,896 INFO o.a.j.s.SampleResult: Note: Sample TimeStamps are START times
2026-09-03 15:20:42,897 INFO o.a.j.s.SampleResult: sampleresult.default.encoding is set to UTF-8
2026-09-03 15:20:42,897 INFO o.a.j.s.SampleResult: sampleresult.useNanoTime=true
2026-09-03 15:20:42,897 INFO o.a.j.s.SampleResult: sampleresult.nanoThreadSleep=5000
2026-09-03 15:20:43,072 INFO o.a.j.t.JMeterThread: Thread started: TG_50并发_3min_可复制改档 1-2
2026-09-03 15:20:43,271 INFO o.a.j.t.JMeterThread: Thread started: TG_50并发_3min_可复制改档 1-3
2026-09-03 15:20:43,472 INFO o.a.j.t.JMeterThread: Thread started: TG_50并发_3min_可复制改档 1-4
2026-09-03 15:20:43,673 INFO o.a.j.t.JMeterThread: Thread started: TG_50并发_3min_可复制改档 1-5
2026-09-03 15:20:43,870 INFO o.a.j.t.JMeterThread: Thread started: TG_50并发_3min_可复制改档 1-6
2026-09-03 15:20:44,070 INFO o.a.j.t.JMeterThread: Thread started: TG_50并发_3min_可复制改档 1-7
2026-09-03 15:20:44,268 INFO o.a.j.t.JMeterThread: Thread started: TG_50并发_3min_可复制改档 1-8
2026-09-03 15:20:44,470 INFO o.a.j.t.JMeterThread: Thread started: TG_50并发_3min_可复制改档 1-9
2026-09-03 15:20:44,670 INFO o.a.j.t.JMeterThread: Thread started: TG_50并发_3min_可复制改档 1-10
2026-09-03 15:20:44,869 INFO o.a.j.t.JMeterThread: Thread started: TG_50并发_3min_可复制改档 1-11
2026-09-03 15:20:45,070 INFO o.a.j.t.JMeterThread: Thread started: TG_50并发_3min_可复制改档 1-12
2026-09-03 15:20:45,275 INFO o.a.j.t.JMeterThread: Thread started: TG_50并发_3min_可复制改档 1-13
2026-09-03 15:20:45,475 INFO o.a.j.t.JMeterThread: Thread started: TG_50并发_3min_可复制改档 1-14
2026-09-03 15:20:45,675 INFO o.a.j.t.JMeterThread: Thread started: TG_50并发_3min_可复制改档 1-15
2026-09-03 15:20:45,876 INFO o.a.j.t.JMeterThread: Thread started: TG_50并发_3min_可复制改档 1-16
2026-09-03 15:20:46,077 INFO o.a.j.t.JMeterThread: Thread started: TG_50并发_3min_可复制改档 1-17
2026-09-03 15:20:46,281 INFO o.a.j.t.JMeterThread: Thread started: TG_50并发_3min_可复制改档 1-18
2026-09-03 15:20:46,482 INFO o.a.j.t.JMeterThread: Thread started: TG_50并发_3min_可复制改档 1-19
2026-09-03 15:20:46,684 INFO o.a.j.t.JMeterThread: Thread started: TG_50并发_3min_可复制改档 1-20
2026-09-03 15:20:46,872 INFO o.a.j.t.JMeterThread: Thread started: TG_50并发_3min_可复制改档 1-21
2026-09-03 15:20:47,073 INFO o.a.j.t.JMeterThread: Thread started: TG_50并发_3min_可复制改档 1-22
2026-09-03 15:20:47,275 INFO o.a.j.t.JMeterThread: Thread started: TG_50并发_3min_可复制改档 1-23
2026-09-03 15:20:47,477 INFO o.a.j.t.JMeterThread: Thread started: TG_50并发_3min_可复制改档 1-24
2026-09-03 15:20:47,676 INFO o.a.j.t.JMeterThread: Thread started: TG_50并发_3min_可复制改档 1-25
2026-09-03 15:20:47,881 INFO o.a.j.t.JMeterThread: Thread started: TG_50并发_3min_可复制改档 1-26
2026-09-03 15:20:48,082 INFO o.a.j.t.JMeterThread: Thread started: TG_50并发_3min_可复制改档 1-27
2026-09-03 15:20:48,284 INFO o.a.j.t.JMeterThread: Thread started: TG_50并发_3min_可复制改档 1-28
2026-09-03 15:20:48,473 INFO o.a.j.t.JMeterThread: Thread started: TG_50并发_3min_可复制改档 1-29
2026-09-03 15:20:48,673 INFO o.a.j.t.JMeterThread: Thread started: TG_50并发_3min_可复制改档 1-30
2026-09-03 15:20:48,876 INFO o.a.j.t.JMeterThread: Thread started: TG_50并发_3min_可复制改档 1-31
2026-09-03 15:20:49,079 INFO o.a.j.t.JMeterThread: Thread started: TG_50并发_3min_可复制改档 1-32
2026-09-03 15:20:49,281 INFO o.a.j.t.JMeterThread: Thread started: TG_50并发_3min_可复制改档 1-33
2026-09-03 15:20:49,469 INFO o.a.j.t.JMeterThread: Thread started: TG_50并发_3min_可复制改档 1-34
2026-09-03 15:20:49,673 INFO o.a.j.t.JMeterThread: Thread started: TG_50并发_3min_可复制改档 1-35
2026-09-03 15:20:49,874 INFO o.a.j.t.JMeterThread: Thread started: TG_50并发_3min_可复制改档 1-36
2026-09-03 15:20:50,077 INFO o.a.j.t.JMeterThread: Thread started: TG_50并发_3min_可复制改档 1-37
2026-09-03 15:20:50,279 INFO o.a.j.t.JMeterThread: Thread started: TG_50并发_3min_可复制改档 1-38
2026-09-03 15:20:50,481 INFO o.a.j.t.JMeterThread: Thread started: TG_50并发_3min_可复制改档 1-39
2026-09-03 15:20:50,669 INFO o.a.j.t.JMeterThread: Thread started: TG_50并发_3min_可复制改档 1-40
2026-09-03 15:20:50,871 INFO o.a.j.t.JMeterThread: Thread started: TG_50并发_3min_可复制改档 1-41
2026-09-03 15:20:51,072 INFO o.a.j.t.JMeterThread: Thread started: TG_50并发_3min_可复制改档 1-42
2026-09-03 15:20:51,273 INFO o.a.j.t.JMeterThread: Thread started: TG_50并发_3min_可复制改档 1-43
2026-09-03 15:20:51,476 INFO o.a.j.t.JMeterThread: Thread started: TG_50并发_3min_可复制改档 1-44
2026-09-03 15:20:51,678 INFO o.a.j.t.JMeterThread: Thread started: TG_50并发_3min_可复制改档 1-45
2026-09-03 15:20:51,880 INFO o.a.j.t.JMeterThread: Thread started: TG_50并发_3min_可复制改档 1-46
2026-09-03 15:20:52,083 INFO o.a.j.t.JMeterThread: Thread started: TG_50并发_3min_可复制改档 1-47
2026-09-03 15:20:52,282 INFO o.a.j.t.JMeterThread: Thread started: TG_50并发_3min_可复制改档 1-48
2026-09-03 15:20:52,484 INFO o.a.j.t.JMeterThread: Thread started: TG_50并发_3min_可复制改档 1-49
2026-09-03 15:20:52,671 INFO o.a.j.t.JMeterThread: Thread started: TG_50并发_3min_可复制改档 1-50
2026-09-03 15:21:00,013 INFO o.a.j.r.Summariser: summary +    210 in 00:00:17 =   12.2/s Avg:  1618 Min:    15 Max:  8522 Err:     0 (0.00%) Active: 50 Started: 50 Finished: 0
2026-09-03 15:21:30,922 INFO o.a.j.r.Summariser: summary +    331 in 00:00:31 =   10.7/s Avg:  4630 Min:    16 Max: 11576 Err:     0 (0.00%) Active: 50 Started: 50 Finished: 0
2026-09-03 15:21:30,923 INFO o.a.j.r.Summariser: summary =    541 in 00:00:48 =   11.3/s Avg:  3461 Min:    15 Max: 11576 Err:     0 (0.00%)
2026-09-03 15:22:00,252 INFO o.a.j.r.Summariser: summary +    232 in 00:00:29 =    7.9/s Avg:  6527 Min:    15 Max: 12766 Err:     0 (0.00%) Active: 50 Started: 50 Finished: 0
2026-09-03 15:22:00,252 INFO o.a.j.r.Summariser: summary =    773 in 00:01:17 =   10.0/s Avg:  4381 Min:    15 Max: 12766 Err:     0 (0.00%)
2026-09-03 15:22:30,139 INFO o.a.j.r.Summariser: summary +    392 in 00:00:30 =   13.1/s Avg:  4164 Min:    15 Max:  9966 Err:     0 (0.00%) Active: 50 Started: 50 Finished: 0
2026-09-03 15:22:30,140 INFO o.a.j.r.Summariser: summary =   1165 in 00:01:47 =   10.9/s Avg:  4308 Min:    15 Max: 12766 Err:     0 (0.00%)
2026-09-03 15:23:00,109 INFO o.a.j.r.Summariser: summary +    338 in 00:00:30 =   11.3/s Avg:  4288 Min:    17 Max: 12245 Err:     0 (0.00%) Active: 50 Started: 50 Finished: 0
2026-09-03 15:23:00,110 INFO o.a.j.r.Summariser: summary =   1503 in 00:02:17 =   11.0/s Avg:  4303 Min:    15 Max: 12766 Err:     0 (0.00%)
2026-09-03 15:23:30,031 INFO o.a.j.r.Summariser: summary +    264 in 00:00:30 =    8.8/s Avg:  5724 Min:    41 Max: 11050 Err:     0 (0.00%) Active: 50 Started: 50 Finished: 0
2026-09-03 15:23:30,032 INFO o.a.j.r.Summariser: summary =   1767 in 00:02:47 =   10.6/s Avg:  4516 Min:    15 Max: 12766 Err:     0 (0.00%)
2026-09-03 15:23:42,875 INFO o.a.j.t.JMeterThread: Stopping because end time detected by thread: TG_50并发_3min_可复制改档 1-2
2026-09-03 15:23:42,875 INFO o.a.j.t.JMeterThread: Thread finished: TG_50并发_3min_可复制改档 1-2
2026-09-03 15:23:42,933 INFO o.a.j.t.JMeterThread: Stopping because end time detected by thread: TG_50并发_3min_可复制改档 1-32
2026-09-03 15:23:42,933 INFO o.a.j.t.JMeterThread: Thread finished: TG_50并发_3min_可复制改档 1-32
2026-09-03 15:23:42,940 INFO o.a.j.t.JMeterThread: Stopping because end time detected by thread: TG_50并发_3min_可复制改档 1-21
2026-09-03 15:23:42,940 INFO o.a.j.t.JMeterThread: Thread finished: TG_50并发_3min_可复制改档 1-21
2026-09-03 15:23:42,945 INFO o.a.j.t.JMeterThread: Stopping because end time detected by thread: TG_50并发_3min_可复制改档 1-9
2026-09-03 15:23:42,945 INFO o.a.j.t.JMeterThread: Thread finished: TG_50并发_3min_可复制改档 1-9
2026-09-03 15:23:42,947 INFO o.a.j.t.JMeterThread: Stopping because end time detected by thread: TG_50并发_3min_可复制改档 1-17
2026-09-03 15:23:42,947 INFO o.a.j.t.JMeterThread: Thread finished: TG_50并发_3min_可复制改档 1-17
2026-09-03 15:23:43,743 INFO o.a.j.t.JMeterThread: Stopping because end time detected by thread: TG_50并发_3min_可复制改档 1-22
2026-09-03 15:23:43,743 INFO o.a.j.t.JMeterThread: Thread finished: TG_50并发_3min_可复制改档 1-22
2026-09-03 15:23:43,996 INFO o.a.j.t.JMeterThread: Stopping because end time detected by thread: TG_50并发_3min_可复制改档 1-47
2026-09-03 15:23:43,996 INFO o.a.j.t.JMeterThread: Thread finished: TG_50并发_3min_可复制改档 1-47
2026-09-03 15:23:44,040 INFO o.a.j.t.JMeterThread: Stopping because end time detected by thread: TG_50并发_3min_可复制改档 1-26
2026-09-03 15:23:44,040 INFO o.a.j.t.JMeterThread: Thread finished: TG_50并发_3min_可复制改档 1-26
2026-09-03 15:23:44,143 INFO o.a.j.t.JMeterThread: Stopping because end time detected by thread: TG_50并发_3min_可复制改档 1-43
2026-09-03 15:23:44,143 INFO o.a.j.t.JMeterThread: Thread finished: TG_50并发_3min_可复制改档 1-43
2026-09-03 15:23:44,439 INFO o.a.j.t.JMeterThread: Stopping because end time detected by thread: TG_50并发_3min_可复制改档 1-6
2026-09-03 15:23:44,439 INFO o.a.j.t.JMeterThread: Thread finished: TG_50并发_3min_可复制改档 1-6
2026-09-03 15:23:44,641 INFO o.a.j.t.JMeterThread: Stopping because end time detected by thread: TG_50并发_3min_可复制改档 1-13
2026-09-03 15:23:44,641 INFO o.a.j.t.JMeterThread: Thread finished: TG_50并发_3min_可复制改档 1-13
2026-09-03 15:23:44,746 INFO o.a.j.t.JMeterThread: Stopping because end time detected by thread: TG_50并发_3min_可复制改档 1-28
2026-09-03 15:23:44,747 INFO o.a.j.t.JMeterThread: Thread finished: TG_50并发_3min_可复制改档 1-28
2026-09-03 15:23:44,839 INFO o.a.j.t.JMeterThread: Stopping because end time detected by thread: TG_50并发_3min_可复制改档 1-14
2026-09-03 15:23:44,839 INFO o.a.j.t.JMeterThread: Thread finished: TG_50并发_3min_可复制改档 1-14
2026-09-03 15:23:44,844 INFO o.a.j.t.JMeterThread: Stopping because end time detected by thread: TG_50并发_3min_可复制改档 1-5
2026-09-03 15:23:44,844 INFO o.a.j.t.JMeterThread: Thread finished: TG_50并发_3min_可复制改档 1-5
2026-09-03 15:23:44,940 INFO o.a.j.t.JMeterThread: Stopping because end time detected by thread: TG_50并发_3min_可复制改档 1-37
2026-09-03 15:23:44,940 INFO o.a.j.t.JMeterThread: Thread finished: TG_50并发_3min_可复制改档 1-37
2026-09-03 15:23:44,944 INFO o.a.j.t.JMeterThread: Stopping because end time detected by thread: TG_50并发_3min_可复制改档 1-29
2026-09-03 15:23:44,944 INFO o.a.j.t.JMeterThread: Thread finished: TG_50并发_3min_可复制改档 1-29
2026-09-03 15:23:45,043 INFO o.a.j.t.JMeterThread: Stopping because end time detected by thread: TG_50并发_3min_可复制改档 1-33
2026-09-03 15:23:45,043 INFO o.a.j.t.JMeterThread: Thread finished: TG_50并发_3min_可复制改档 1-33
2026-09-03 15:23:45,241 INFO o.a.j.t.JMeterThread: Stopping because end time detected by thread: TG_50并发_3min_可复制改档 1-12
2026-09-03 15:23:45,242 INFO o.a.j.t.JMeterThread: Thread finished: TG_50并发_3min_可复制改档 1-12
2026-09-03 15:23:45,437 INFO o.a.j.t.JMeterThread: Stopping because end time detected by thread: TG_50并发_3min_可复制改档 1-36
2026-09-03 15:23:45,437 INFO o.a.j.t.JMeterThread: Thread finished: TG_50并发_3min_可复制改档 1-36
2026-09-03 15:23:45,441 INFO o.a.j.t.JMeterThread: Stopping because end time detected by thread: TG_50并发_3min_可复制改档 1-11
2026-09-03 15:23:45,442 INFO o.a.j.t.JMeterThread: Thread finished: TG_50并发_3min_可复制改档 1-11
2026-09-03 15:23:45,445 INFO o.a.j.t.JMeterThread: Stopping because end time detected by thread: TG_50并发_3min_可复制改档 1-23
2026-09-03 15:23:45,445 INFO o.a.j.t.JMeterThread: Thread finished: TG_50并发_3min_可复制改档 1-23
2026-09-03 15:23:45,748 INFO o.a.j.t.JMeterThread: Stopping because end time detected by thread: TG_50并发_3min_可复制改档 1-44
2026-09-03 15:23:45,748 INFO o.a.j.t.JMeterThread: Thread finished: TG_50并发_3min_可复制改档 1-44
2026-09-03 15:23:45,938 INFO o.a.j.t.JMeterThread: Stopping because end time detected by thread: TG_50并发_3min_可复制改档 1-30
2026-09-03 15:23:45,938 INFO o.a.j.t.JMeterThread: Thread finished: TG_50并发_3min_可复制改档 1-30
2026-09-03 15:23:46,138 INFO o.a.j.t.JMeterThread: Stopping because end time detected by thread: TG_50并发_3min_可复制改档 1-20
2026-09-03 15:23:46,139 INFO o.a.j.t.JMeterThread: Thread finished: TG_50并发_3min_可复制改档 1-20
2026-09-03 15:23:46,144 INFO o.a.j.t.JMeterThread: Stopping because end time detected by thread: TG_50并发_3min_可复制改档 1-34
2026-09-03 15:23:46,145 INFO o.a.j.t.JMeterThread: Thread finished: TG_50并发_3min_可复制改档 1-34
2026-09-03 15:23:46,244 INFO o.a.j.t.JMeterThread: Stopping because end time detected by thread: TG_50并发_3min_可复制改档 1-41
2026-09-03 15:23:46,244 INFO o.a.j.t.JMeterThread: Thread finished: TG_50并发_3min_可复制改档 1-41
2026-09-03 15:23:46,339 INFO o.a.j.t.JMeterThread: Stopping because end time detected by thread: TG_50并发_3min_可复制改档 1-42
2026-09-03 15:23:46,339 INFO o.a.j.t.JMeterThread: Thread finished: TG_50并发_3min_可复制改档 1-42
2026-09-03 15:23:46,438 INFO o.a.j.t.JMeterThread: Stopping because end time detected by thread: TG_50并发_3min_可复制改档 1-16
2026-09-03 15:23:46,439 INFO o.a.j.t.JMeterThread: Thread finished: TG_50并发_3min_可复制改档 1-16
2026-09-03 15:23:46,539 INFO o.a.j.t.JMeterThread: Stopping because end time detected by thread: TG_50并发_3min_可复制改档 1-40
2026-09-03 15:23:46,539 INFO o.a.j.t.JMeterThread: Thread finished: TG_50并发_3min_可复制改档 1-40
2026-09-03 15:23:46,644 INFO o.a.j.t.JMeterThread: Stopping because end time detected by thread: TG_50并发_3min_可复制改档 1-1
2026-09-03 15:23:46,644 INFO o.a.j.t.JMeterThread: Thread finished: TG_50并发_3min_可复制改档 1-1
2026-09-03 15:23:46,748 INFO o.a.j.t.JMeterThread: Stopping because end time detected by thread: TG_50并发_3min_可复制改档 1-18
2026-09-03 15:23:46,748 INFO o.a.j.t.JMeterThread: Thread finished: TG_50并发_3min_可复制改档 1-18
2026-09-03 15:23:46,754 INFO o.a.j.t.JMeterThread: Stopping because end time detected by thread: TG_50并发_3min_可复制改档 1-45
2026-09-03 15:23:46,754 INFO o.a.j.t.JMeterThread: Thread finished: TG_50并发_3min_可复制改档 1-45
2026-09-03 15:23:46,756 INFO o.a.j.t.JMeterThread: Stopping because end time detected by thread: TG_50并发_3min_可复制改档 1-10
2026-09-03 15:23:46,756 INFO o.a.j.t.JMeterThread: Thread finished: TG_50并发_3min_可复制改档 1-10
2026-09-03 15:23:46,844 INFO o.a.j.t.JMeterThread: Stopping because end time detected by thread: TG_50并发_3min_可复制改档 1-19
2026-09-03 15:23:46,845 INFO o.a.j.t.JMeterThread: Thread finished: TG_50并发_3min_可复制改档 1-19
2026-09-03 15:23:46,848 INFO o.a.j.t.JMeterThread: Stopping because end time detected by thread: TG_50并发_3min_可复制改档 1-3
2026-09-03 15:23:46,848 INFO o.a.j.t.JMeterThread: Thread finished: TG_50并发_3min_可复制改档 1-3
2026-09-03 15:23:46,855 INFO o.a.j.t.JMeterThread: Stopping because end time detected by thread: TG_50并发_3min_可复制改档 1-31
2026-09-03 15:23:46,855 INFO o.a.j.t.JMeterThread: Thread finished: TG_50并发_3min_可复制改档 1-31
2026-09-03 15:23:46,866 INFO o.a.j.t.JMeterThread: Stopping because end time detected by thread: TG_50并发_3min_可复制改档 1-50
2026-09-03 15:23:46,866 INFO o.a.j.t.JMeterThread: Thread finished: TG_50并发_3min_可复制改档 1-50
2026-09-03 15:23:46,867 INFO o.a.j.t.JMeterThread: Stopping because end time detected by thread: TG_50并发_3min_可复制改档 1-27
2026-09-03 15:23:46,867 INFO o.a.j.t.JMeterThread: Thread finished: TG_50并发_3min_可复制改档 1-27
2026-09-03 15:23:46,868 INFO o.a.j.t.JMeterThread: Stopping because end time detected by thread: TG_50并发_3min_可复制改档 1-49
2026-09-03 15:23:46,868 INFO o.a.j.t.JMeterThread: Thread finished: TG_50并发_3min_可复制改档 1-49
2026-09-03 15:23:46,869 INFO o.a.j.t.JMeterThread: Stopping because end time detected by thread: TG_50并发_3min_可复制改档 1-35
2026-09-03 15:23:46,869 INFO o.a.j.t.JMeterThread: Thread finished: TG_50并发_3min_可复制改档 1-35
2026-09-03 15:23:46,942 INFO o.a.j.t.JMeterThread: Stopping because end time detected by thread: TG_50并发_3min_可复制改档 1-8
2026-09-03 15:23:46,943 INFO o.a.j.t.JMeterThread: Thread finished: TG_50并发_3min_可复制改档 1-8
2026-09-03 15:23:46,950 INFO o.a.j.t.JMeterThread: Stopping because end time detected by thread: TG_50并发_3min_可复制改档 1-46
2026-09-03 15:23:46,950 INFO o.a.j.t.JMeterThread: Thread finished: TG_50并发_3min_可复制改档 1-46
2026-09-03 15:23:46,955 INFO o.a.j.t.JMeterThread: Stopping because end time detected by thread: TG_50并发_3min_可复制改档 1-24
2026-09-03 15:23:46,955 INFO o.a.j.t.JMeterThread: Thread finished: TG_50并发_3min_可复制改档 1-24
2026-09-03 15:23:46,957 INFO o.a.j.t.JMeterThread: Stopping because end time detected by thread: TG_50并发_3min_可复制改档 1-7
2026-09-03 15:23:46,957 INFO o.a.j.t.JMeterThread: Thread finished: TG_50并发_3min_可复制改档 1-7
2026-09-03 15:23:46,962 INFO o.a.j.t.JMeterThread: Stopping because end time detected by thread: TG_50并发_3min_可复制改档 1-38
2026-09-03 15:23:46,963 INFO o.a.j.t.JMeterThread: Thread finished: TG_50并发_3min_可复制改档 1-38
2026-09-03 15:23:46,966 INFO o.a.j.t.JMeterThread: Stopping because end time detected by thread: TG_50并发_3min_可复制改档 1-39
2026-09-03 15:23:46,966 INFO o.a.j.t.JMeterThread: Thread finished: TG_50并发_3min_可复制改档 1-39
2026-09-03 15:23:46,970 INFO o.a.j.t.JMeterThread: Stopping because end time detected by thread: TG_50并发_3min_可复制改档 1-4
2026-09-03 15:23:46,970 INFO o.a.j.t.JMeterThread: Thread finished: TG_50并发_3min_可复制改档 1-4
2026-09-03 15:23:47,039 INFO o.a.j.t.JMeterThread: Stopping because end time detected by thread: TG_50并发_3min_可复制改档 1-25
2026-09-03 15:23:47,039 INFO o.a.j.t.JMeterThread: Thread finished: TG_50并发_3min_可复制改档 1-25
2026-09-03 15:23:47,040 INFO o.a.j.t.JMeterThread: Stopping because end time detected by thread: TG_50并发_3min_可复制改档 1-48
2026-09-03 15:23:47,040 INFO o.a.j.t.JMeterThread: Thread finished: TG_50并发_3min_可复制改档 1-48
2026-09-03 15:23:47,044 INFO o.a.j.t.JMeterThread: Stopping because end time detected by thread: TG_50并发_3min_可复制改档 1-15
2026-09-03 15:23:47,045 INFO o.a.j.t.JMeterThread: Thread finished: TG_50并发_3min_可复制改档 1-15
2026-09-03 15:23:47,045 INFO o.a.j.e.StandardJMeterEngine: Notifying test listeners of end of test
2026-09-03 15:23:47,046 INFO o.a.j.r.Summariser: summary +    190 in 00:00:17 =   11.2/s Avg:  4817 Min:   101 Max: 12011 Err:     0 (0.00%) Active: 0 Started: 50 Finished: 50
2026-09-03 15:23:47,047 INFO o.a.j.r.Summariser: summary =   1957 in 00:03:04 =   10.6/s Avg:  4545 Min:    15 Max: 12766 Err:     0 (0.00%)
